{"command": ["/home/mikel/.herdr/worktrees/predictive-models/feat-training-devin/.venv/bin/python", "-B", "-m", "unittest", "discover", "-s", "tests", "-v"]}
test_lfs_pointer_is_unavailable_and_oid_not_content_hash (test_audit_inventory.InventoryTests.test_lfs_pointer_is_unavailable_and_oid_not_content_hash) ... ok
test_manifest_and_outputs_are_deterministic (test_audit_inventory.InventoryTests.test_manifest_and_outputs_are_deterministic) ... ok
test_materialized_csv_is_profiled_and_hashed (test_audit_inventory.InventoryTests.test_materialized_csv_is_profiled_and_hashed) ... ok
test_missing_auxiliary_sources_are_explicit (test_audit_inventory.InventoryTests.test_missing_auxiliary_sources_are_explicit) ... ok
test_centinelas_balances (test_contracts.ContractTest.test_centinelas_balances) ... ok
test_fechas_dentro_de_ventana (test_contracts.ContractTest.test_fechas_dentro_de_ventana) ... ok
test_fx_coherente (test_contracts.ContractTest.test_fx_coherente) ... ok
test_importes_no_modificados (test_contracts.ContractTest.test_importes_no_modificados) ... ok
test_original_fields_and_business_keys (test_contracts.ContractTest.test_original_fields_and_business_keys) ... ok
test_product_source_valido (test_contracts.ContractTest.test_product_source_valido) ... ok
test_row_counts (test_contracts.ContractTest.test_row_counts) ... ok
test_src_row_integro (test_contracts.ContractTest.test_src_row_integro) ... ok
test_vocabulario_de_flags_cerrado (test_contracts.ContractTest.test_vocabulario_de_flags_cerrado) ... ok
test_aging_reconciles (test_marts.MartContractTest.test_aging_reconciles) ... ok
test_ambiguous_fx_is_unknown (test_marts.MartContractTest.test_ambiguous_fx_is_unknown) ... ok
test_cash_ambiguity_bounds_and_missingness (test_marts.MartContractTest.test_cash_ambiguity_bounds_and_missingness) ... ok
test_cash_totals_match_direct_bank_account_aggregation (test_marts.MartContractTest.test_cash_totals_match_direct_bank_account_aggregation) ... ok
test_cohort_availability_and_censoring (test_marts.MartContractTest.test_cohort_availability_and_censoring) ... ok
test_cohorts_are_monotone (test_marts.MartContractTest.test_cohorts_are_monotone) ... ok
test_debt_reconciles_to_financing_without_reusing_product_ledgers (test_marts.MartContractTest.test_debt_reconciles_to_financing_without_reusing_product_ledgers) ... ok
test_evidence_does_not_consume_future_collection_results (test_marts.MartContractTest.test_evidence_does_not_consume_future_collection_results) ... ok
test_flow_direction (test_marts.MartContractTest.test_flow_direction) ... ok
test_fx_registry_has_no_estimates (test_marts.MartContractTest.test_fx_registry_has_no_estimates) ... ok
test_grain_and_flow_keys (test_marts.MartContractTest.test_grain_and_flow_keys) ... ok
test_native_eur_identity (test_marts.MartContractTest.test_native_eur_identity) ... ok
test_new_feature_availability_and_coverages (test_marts.MartContractTest.test_new_feature_availability_and_coverages) ... ok
test_no_negative_dso (test_marts.MartContractTest.test_no_negative_dso) ... ok
test_no_pre_observation_balances (test_marts.MartContractTest.test_no_pre_observation_balances) ... ok
test_observability_looks_forward (test_marts.MartContractTest.test_observability_looks_forward) ... ok
test_percentages_have_valid_units (test_marts.MartContractTest.test_percentages_have_valid_units) ... ok
test_targets_are_mature_and_robust (test_marts.MartContractTest.test_targets_are_mature_and_robust) ... ok
test_transferred_categories_have_past_evidence (test_marts.MartContractTest.test_transferred_categories_have_past_evidence) ... ok
test_unknown_currency_is_not_zero_balance (test_marts.MartContractTest.test_unknown_currency_is_not_zero_balance) ... ok
test_zero_overdue_has_zero_ratio (test_marts.MartContractTest.test_zero_overdue_has_zero_ratio) ... ok
test_default_mode_does_not_execute_checks (test_model_audit.ModelAuditTest.test_default_mode_does_not_execute_checks) ... ok
test_economic_policy_keeps_nonmonetary_comparator_strict (test_model_audit.ModelAuditTest.test_economic_policy_keeps_nonmonetary_comparator_strict) ... ok
test_economic_policy_rejects_bad_scale_missingness_and_nonfinite_values (test_model_audit.ModelAuditTest.test_economic_policy_rejects_bad_scale_missingness_and_nonfinite_values) ... ok
test_historical_comparison_exposes_source_diagnostics (test_model_audit.ModelAuditTest.test_historical_comparison_exposes_source_diagnostics) ... ok
test_invalid_manifest_produces_readable_blocked_report (test_model_audit.ModelAuditTest.test_invalid_manifest_produces_readable_blocked_report) ... ok
test_latest_current_failure_is_not_hidden_by_an_older_success (test_model_audit.ModelAuditTest.test_latest_current_failure_is_not_hidden_by_an_older_success) ... ok
test_launch_error_is_recorded_as_failure_and_unknown_checks_cannot_execute (test_model_audit.ModelAuditTest.test_launch_error_is_recorded_as_failure_and_unknown_checks_cannot_execute) ... ok
test_lfs_pointer_separates_expected_oid_from_pointer_bytes (test_model_audit.ModelAuditTest.test_lfs_pointer_separates_expected_oid_from_pointer_bytes) ... ok
test_log_tampering_and_workspace_changes_invalidate_success (test_model_audit.ModelAuditTest.test_log_tampering_and_workspace_changes_invalidate_success) ... ok
test_logical_comparison_ignores_byte_order_and_tiny_float_noise (test_model_audit.ModelAuditTest.test_logical_comparison_ignores_byte_order_and_tiny_float_noise) ... ok
test_manifest_hashes_detect_changes_and_reject_escaping_paths (test_model_audit.ModelAuditTest.test_manifest_hashes_detect_changes_and_reject_escaping_paths) ... ok
test_missing_inputs_produce_readable_blocked_report (test_model_audit.ModelAuditTest.test_missing_inputs_produce_readable_blocked_report) ... ok
test_monetary_bounds_reject_different_cents_and_signs_even_for_subcent_errors (test_model_audit.ModelAuditTest.test_monetary_bounds_reject_different_cents_and_signs_even_for_subcent_errors) ... ok
test_other_monetary_aggregates_accept_crossing_half_cent_with_strict_diagnostics (test_model_audit.ModelAuditTest.test_other_monetary_aggregates_accept_crossing_half_cent_with_strict_diagnostics) ... ok
test_other_monetary_aggregates_keep_cent_error_missingness_nonfinite_and_gross_guards (test_model_audit.ModelAuditTest.test_other_monetary_aggregates_keep_cent_error_missingness_nonfinite_and_gross_guards) ... ok
test_source_change_during_check_is_not_hidden_by_older_success (test_model_audit.ModelAuditTest.test_source_change_during_check_is_not_hidden_by_older_success) ... ok
test_source_comparison_accepts_only_hash_verified_eol_equivalence (test_model_audit.ModelAuditTest.test_source_comparison_accepts_only_hash_verified_eol_equivalence) ... ok
test_source_comparison_rejects_missing_sources_and_escaping_paths (test_model_audit.ModelAuditTest.test_source_comparison_rejects_missing_sources_and_escaping_paths) ... ok
test_source_comparison_rejects_real_changes_unknown_hashes_and_unavailable_blobs (test_model_audit.ModelAuditTest.test_source_comparison_rejects_real_changes_unknown_hashes_and_unavailable_blobs) ... ok
test_source_comparison_verifies_identical_hashes_against_actual_source (test_model_audit.ModelAuditTest.test_source_comparison_verifies_identical_hashes_against_actual_source) ... ok
test_subcent_reduction_keeps_strict_failure_and_accepts_economic_identity (test_model_audit.ModelAuditTest.test_subcent_reduction_keeps_strict_failure_and_accepts_economic_identity) ... ok
test_target_comparison_does_not_consume_outcomes (test_model_audit.ModelAuditTest.test_target_comparison_does_not_consume_outcomes) ... ok
test_verification_appends_unique_logs_preserves_history_and_rejects_stale_sources (test_model_audit.ModelAuditTest.test_verification_appends_unique_logs_preserves_history_and_rejects_stale_sources) ... ok
test_verify_runs_only_two_fixed_portable_commands_then_audit_without_replaying_reports (test_model_audit.ModelAuditTest.test_verify_runs_only_two_fixed_portable_commands_then_audit_without_replaying_reports) ... ok
test_calendar_gap_is_unknown_not_compressed_or_zero (test_model_features.ModelFeaturesTest.test_calendar_gap_is_unknown_not_compressed_or_zero) ... ok
test_cents_and_trimmed_robustness_match_deficit_state (test_model_features.ModelFeaturesTest.test_cents_and_trimmed_robustness_match_deficit_state) ... ok
test_duplicate_keys_and_changing_groups_fail_closed (test_model_features.ModelFeaturesTest.test_duplicate_keys_and_changing_groups_fail_closed) ... ok
test_future_mutation_and_drop_do_not_change_past_features (test_model_features.ModelFeaturesTest.test_future_mutation_and_drop_do_not_change_past_features) ... ok
test_partial_month_and_late_availability_are_excluded (test_model_features.ModelFeaturesTest.test_partial_month_and_late_availability_are_excluded) ... ok
test_past_window_deltas_and_population_statistics (test_model_features.ModelFeaturesTest.test_past_window_deltas_and_population_statistics) ... ok
test_six_month_incomplete_is_unknown_but_three_month_eligible (test_model_features.ModelFeaturesTest.test_six_month_incomplete_is_unknown_but_three_month_eligible) ... ok
test_target_columns_and_ids_are_not_predictors (test_model_features.ModelFeaturesTest.test_target_columns_and_ids_are_not_predictors) ... ok
test_unknown_fx_and_zero_volume_never_become_ratios (test_model_features.ModelFeaturesTest.test_unknown_fx_and_zero_volume_never_become_ratios) ... ok
test_warmup_and_history_are_required_without_future_labels (test_model_features.ModelFeaturesTest.test_warmup_and_history_are_required_without_future_labels) ... ok
test_deterministic_hash_partition_and_disjoint_groups (test_model_protocol.ModelProtocolTest.test_deterministic_hash_partition_and_disjoint_groups) ... ok
test_input_hash_mismatch_stops_preparation (test_model_protocol.ModelProtocolTest.test_input_hash_mismatch_stops_preparation) ... ok
test_loader_preserves_censoring_and_rejects_holdout_before_query (test_model_protocol.ModelProtocolTest.test_loader_preserves_censoring_and_rejects_holdout_before_query) ... ok
test_no_overwrite_and_integrity_verification (test_model_protocol.ModelProtocolTest.test_no_overwrite_and_integrity_verification) ... ok
test_prepare_writes_keys_and_contract_without_fetching_any_outcomes (test_model_protocol.ModelProtocolTest.test_prepare_writes_keys_and_contract_without_fetching_any_outcomes) ... ok
test_support_gate_blocks_missing_classes_and_insufficient_groups (test_model_protocol.ModelProtocolTest.test_support_gate_blocks_missing_classes_and_insufficient_groups) ... ok
test_train_purge_chronology_and_reserved_dates (test_model_protocol.ModelProtocolTest.test_train_purge_chronology_and_reserved_dates) ... ok
test_clean_passes_a_connection_and_closes_it (test_pipeline.PublicationTest.test_clean_passes_a_connection_and_closes_it) ... ok
test_failed_pointer_publication_restores_portable_manifest (test_pipeline.PublicationTest.test_failed_pointer_publication_restores_portable_manifest) ... ok
test_failed_publication_restores_previous_files (test_pipeline.PublicationTest.test_failed_publication_restores_previous_files) ... ok
test_modified_artifact_is_not_published (test_pipeline.PublicationTest.test_modified_artifact_is_not_published) ... ok
test_publication_keeps_previous_files_and_commits_pointer (test_pipeline.PublicationTest.test_publication_keeps_previous_files_and_commits_pointer) ... ok
test_build_snapshot_includes_test_dependencies_without_private_files (test_pipeline.SnapshotTest.test_build_snapshot_includes_test_dependencies_without_private_files) ... ok
test_inventory_tests_run_from_snapshot_without_repository_dependencies (test_pipeline.SnapshotTest.test_inventory_tests_run_from_snapshot_without_repository_dependencies) ... ok
test_bad_dates_are_preserved_but_not_used_as_settlement (test_regressions.PipelineRegressionTest.test_bad_dates_are_preserved_but_not_used_as_settlement) ... ok
test_cash_panel_does_not_turn_missing_fx_or_activity_into_zero (test_regressions.PipelineRegressionTest.test_cash_panel_does_not_turn_missing_fx_or_activity_into_zero) ... ok
test_cash_panel_reconciles_without_double_counting_ledgers (test_regressions.PipelineRegressionTest.test_cash_panel_reconciles_without_double_counting_ledgers) ... ok
test_cash_panel_rejects_misaligned_classification (test_regressions.PipelineRegressionTest.test_cash_panel_rejects_misaligned_classification) ... ok
test_classification_uses_only_company_past_and_preserves_direction (test_regressions.PipelineRegressionTest.test_classification_uses_only_company_past_and_preserves_direction) ... ok
test_collection_target_uses_mature_baseline_and_future_cohorts (test_regressions.PipelineRegressionTest.test_collection_target_uses_mature_baseline_and_future_cohorts) ... ok
test_debt_service_keeps_refunds_and_product_entries_separate (test_regressions.PipelineRegressionTest.test_debt_service_keeps_refunds_and_product_entries_separate) ... ok
test_debt_service_unknown_is_not_no_debt (test_regressions.PipelineRegressionTest.test_debt_service_unknown_is_not_no_debt) ... ok
test_deficit_targets_respect_uncertainty_outliers_and_missing_months (test_regressions.PipelineRegressionTest.test_deficit_targets_respect_uncertainty_outliers_and_missing_months) ... ok
test_evidence_keeps_available_erp_dimension_without_cash (test_regressions.PipelineRegressionTest.test_evidence_keeps_available_erp_dimension_without_cash) ... ok
test_future_records_do_not_change_historical_feature_panels (test_regressions.PipelineRegressionTest.test_future_records_do_not_change_historical_feature_panels) ... ok
test_invoice_fx_preserves_identity_and_unknown (test_regressions.PipelineRegressionTest.test_invoice_fx_preserves_identity_and_unknown) ... ok
test_observability_uses_calendar_future_not_past (test_regressions.PipelineRegressionTest.test_observability_uses_calendar_future_not_past) ... ok
test_panel_currency_dates_and_availability (test_regressions.PipelineRegressionTest.test_panel_currency_dates_and_availability) ... ok
test_transaction_fx_marks_ambiguity (test_regressions.PipelineRegressionTest.test_transaction_fx_marks_ambiguity) ... ok
test_checks_run_exact_commands_and_propagate_quality_failure (test_verify_data.VerifyDataTest.test_checks_run_exact_commands_and_propagate_quality_failure) ... ok
test_empty_or_malformed_csv_cannot_pass (test_verify_data.VerifyDataTest.test_empty_or_malformed_csv_cannot_pass) ... ok
test_launch_error_is_nonzero_and_does_not_run_quality (test_verify_data.VerifyDataTest.test_launch_error_is_nonzero_and_does_not_run_quality) ... ok
test_mismatch_is_not_masked_by_later_successes (test_verify_data.VerifyDataTest.test_mismatch_is_not_masked_by_later_successes) ... ok
test_missing_raw_or_parquet_is_a_failure_not_a_skip (test_verify_data.VerifyDataTest.test_missing_raw_or_parquet_is_a_failure_not_a_skip) ... ok
test_multiline_csv_records_match_all_eight_parquets (test_verify_data.VerifyDataTest.test_multiline_csv_records_match_all_eight_parquets) ... ok
test_quality_never_runs_after_unittest_failure (test_verify_data.VerifyDataTest.test_quality_never_runs_after_unittest_failure) ... ok

----------------------------------------------------------------------
Ran 104 tests in 14.362s

OK
{"command": ["/home/mikel/.herdr/worktrees/predictive-models/feat-training-devin/.venv/bin/python", "-B", "-m", "unittest", "discover", "-s", "tests", "-v"], "exit_code": 0}
{"command": ["/home/mikel/.herdr/worktrees/predictive-models/feat-training-devin/.venv/bin/python", "-B", "-m", "xray.cli", "quality"]}

COMPROBACION DE CALIDAD (solo lectura, ejecucion activa)
------------------------------------------------------------------------
recuento de filas: OK
cobertura de empresas (total 1286): transacciones=1286 (100.0%), cuentas_bancarias=1283 (99.77%), saldos=1273 (98.99%), facturas=785 (61.04%), deuda=378 (29.39%)
meses cerrados por empresa: min=1 p25=10.0 mediana=18.0 p75=24.0 max=24 (<6 meses: 8 empresas)
------------------------------------------------------------------------
{"command": ["/home/mikel/.herdr/worktrees/predictive-models/feat-training-devin/.venv/bin/python", "-B", "-m", "xray.cli", "quality"], "exit_code": 0}
